2026-08-20 13:32:49 | INFO | Experiment started: 26_pytorch_mlp_embeddings
2026-08-20 13:32:49 | INFO | Data loaded: train=(1460, 81), test=(1459, 80)
2026-08-20 13:32:49 | INFO | PyTorch device: cpu
2026-08-20 13:32:49 | INFO | Outer fold 1/5 started
2026-08-20 13:36:23 | INFO | Outer fold 1 RMSLE: 0.13091
2026-08-20 13:36:23 | INFO | Outer fold 2/5 started
2026-08-20 13:40:42 | INFO | Outer fold 2 RMSLE: 0.22592
2026-08-20 13:40:42 | INFO | Outer fold 3/5 started
2026-08-20 13:45:07 | INFO | Outer fold 3 RMSLE: 0.15823
2026-08-20 13:45:07 | INFO | Outer fold 4/5 started
2026-08-20 13:48:57 | INFO | Outer fold 4 RMSLE: 0.13544
2026-08-20 13:48:57 | INFO | Outer fold 5/5 started
2026-08-20 13:53:13 | INFO | Outer fold 5 RMSLE: 0.13827
2026-08-20 13:53:13 | INFO | Nested outer CV RMSLE: 0.15775 +/- 0.03951
2026-08-20 13:53:13 | INFO | Outer CV results saved to: trained_models/26_pytorch_mlp_embeddings/cv_results.csv
2026-08-20 13:53:13 | INFO | Nested CV metrics saved to: trained_models/26_pytorch_mlp_embeddings/metrics.json
2026-08-20 13:53:13 | INFO | Final Optuna study started
2026-08-20 13:57:53 | INFO | Submission saved to: trained_models/26_pytorch_mlp_embeddings/submission.csv
2026-08-20 13:57:54 | INFO | Plot saved to: trained_models/26_pytorch_mlp_embeddings/plots/outer_fold_scores.png
2026-08-20 13:57:54 | INFO | Plot saved to: trained_models/26_pytorch_mlp_embeddings/plots/final_training_loss.png
2026-08-20 13:57:54 | INFO | Plot saved to: trained_models/26_pytorch_mlp_embeddings/plots/optuna_history.png
2026-08-20 13:57:54 | INFO | Plot saved to: trained_models/26_pytorch_mlp_embeddings/plots/optimizer_effect.png
2026-08-20 13:57:54 | INFO | Plot saved to: trained_models/26_pytorch_mlp_embeddings/plots/final_learning_rate.png
2026-08-20 13:57:54 | INFO | DL experiment comleted successfully
